wsl : test_01_validation_logic (__main__.TestPipeline)
At line:1 char:1
+ wsl PYTHONPATH=. python3 tests/verify_pipeline.py > test_output.txt 2 ...
+ ~~~~~~~~~~~~~~~~~~~~~~~~~~~~~~~~~~~~~~~~~~~~~~~~~~~~~~~~~~~~~~~~~~~~~
    + CategoryInfo          : NotSpecified: (test_01_validat..._.TestPipeline):String) [], RemoteException
    + FullyQualifiedErrorId : NativeCommandError
 
Test RNA validation logic (no deep learning) ... ok
test_02_evo_embedder (__main__.TestPipeline)
Test Evo embedder initialization and interface ... ERROR
test_03_critic_model (__main__.TestPipeline)
Test Multi-Metric Critic ... FAIL
test_04_lora_generation (__main__.TestPipeline)
